Archive member included to satisfy reference by file (symbol)

c:/st/stm32cubeide_1.11.0/stm32cubeide/plugins/com.st.stm32cube.ide.mcu.externaltools.gnu-tools-for-stm32.10.3-2021.10.win32_1.0.100.202210260954/tools/bin/../lib/gcc/arm-none-eabi/10.3.1/../../../../arm-none-eabi/lib/thumb/v6-m/nofp\libc_nano.a(lib_a-errno.o)
                              Core\Src\syscalls.o (__errno)
c:/st/stm32cubeide_1.11.0/stm32cubeide/plugins/com.st.stm32cube.ide.mcu.externaltools.gnu-tools-for-stm32.10.3-2021.10.win32_1.0.100.202210260954/tools/bin/../lib/gcc/arm-none-eabi/10.3.1/../../../../arm-none-eabi/lib/thumb/v6-m/nofp\libc_nano.a(lib_a-exit.o)
                              c:/st/stm32cubeide_1.11.0/stm32cubeide/plugins/com.st.stm32cube.ide.mcu.externaltools.gnu-tools-for-stm32.10.3-2021.10.win32_1.0.100.202210260954/tools/bin/../lib/gcc/arm-none-eabi/10.3.1/../../../../arm-none-eabi/lib/thumb/v6-m/nofp/crt0.o (exit)
c:/st/stm32cubeide_1.11.0/stm32cubeide/plugins/com.st.stm32cube.ide.mcu.externaltools.gnu-tools-for-stm32.10.3-2021.10.win32_1.0.100.202210260954/tools/bin/../lib/gcc/arm-none-eabi/10.3.1/../../../../arm-none-eabi/lib/thumb/v6-m/nofp\libc_nano.a(lib_a-impure.o)
                              c:/st/stm32cubeide_1.11.0/stm32cubeide/plugins/com.st.stm32cube.ide.mcu.externaltools.gnu-tools-for-stm32.10.3-2021.10.win32_1.0.100.202210260954/tools/bin/../lib/gcc/arm-none-eabi/10.3.1/../../../../arm-none-eabi/lib/thumb/v6-m/nofp\libc_nano.a(lib_a-exit.o) (_global_impure_ptr)
c:/st/stm32cubeide_1.11.0/stm32cubeide/plugins/com.st.stm32cube.ide.mcu.externaltools.gnu-tools-for-stm32.10.3-2021.10.win32_1.0.100.202210260954/tools/bin/../lib/gcc/arm-none-eabi/10.3.1/../../../../arm-none-eabi/lib/thumb/v6-m/nofp\libc_nano.a(lib_a-init.o)
                              c:/st/stm32cubeide_1.11.0/stm32cubeide/plugins/com.st.stm32cube.ide.mcu.externaltools.gnu-tools-for-stm32.10.3-2021.10.win32_1.0.100.202210260954/tools/bin/../lib/gcc/arm-none-eabi/10.3.1/../../../../arm-none-eabi/lib/thumb/v6-m/nofp/crt0.o (__libc_init_array)
c:/st/stm32cubeide_1.11.0/stm32cubeide/plugins/com.st.stm32cube.ide.mcu.externaltools.gnu-tools-for-stm32.10.3-2021.10.win32_1.0.100.202210260954/tools/bin/../lib/gcc/arm-none-eabi/10.3.1/../../../../arm-none-eabi/lib/thumb/v6-m/nofp\libc_nano.a(lib_a-memcpy-stub.o)
                              Core\SSD1306\ssd1306\ssd1306.o (memcpy)
c:/st/stm32cubeide_1.11.0/stm32cubeide/plugins/com.st.stm32cube.ide.mcu.externaltools.gnu-tools-for-stm32.10.3-2021.10.win32_1.0.100.202210260954/tools/bin/../lib/gcc/arm-none-eabi/10.3.1/../../../../arm-none-eabi/lib/thumb/v6-m/nofp\libc_nano.a(lib_a-memmove.o)
                              Core\SSD1306\ssd1306\ssd1306_tests.o (memmove)
c:/st/stm32cubeide_1.11.0/stm32cubeide/plugins/com.st.stm32cube.ide.mcu.externaltools.gnu-tools-for-stm32.10.3-2021.10.win32_1.0.100.202210260954/tools/bin/../lib/gcc/arm-none-eabi/10.3.1/../../../../arm-none-eabi/lib/thumb/v6-m/nofp\libc_nano.a(lib_a-memset.o)
                              c:/st/stm32cubeide_1.11.0/stm32cubeide/plugins/com.st.stm32cube.ide.mcu.externaltools.gnu-tools-for-stm32.10.3-2021.10.win32_1.0.100.202210260954/tools/bin/../lib/gcc/arm-none-eabi/10.3.1/../../../../arm-none-eabi/lib/thumb/v6-m/nofp/crt0.o (memset)
c:/st/stm32cubeide_1.11.0/stm32cubeide/plugins/com.st.stm32cube.ide.mcu.externaltools.gnu-tools-for-stm32.10.3-2021.10.win32_1.0.100.202210260954/tools/bin/../lib/gcc/arm-none-eabi/10.3.1/../../../../arm-none-eabi/lib/thumb/v6-m/nofp\libc_nano.a(lib_a-snprintf.o)
                              Core\SSD1306\ssd1306\ssd1306_tests.o (snprintf)
c:/st/stm32cubeide_1.11.0/stm32cubeide/plugins/com.st.stm32cube.ide.mcu.externaltools.gnu-tools-for-stm32.10.3-2021.10.win32_1.0.100.202210260954/tools/bin/../lib/gcc/arm-none-eabi/10.3.1/../../../../arm-none-eabi/lib/thumb/v6-m/nofp\libc_nano.a(lib_a-nano-svfprintf.o)
                              c:/st/stm32cubeide_1.11.0/stm32cubeide/plugins/com.st.stm32cube.ide.mcu.externaltools.gnu-tools-for-stm32.10.3-2021.10.win32_1.0.100.202210260954/tools/bin/../lib/gcc/arm-none-eabi/10.3.1/../../../../arm-none-eabi/lib/thumb/v6-m/nofp\libc_nano.a(lib_a-snprintf.o) (_svfprintf_r)
c:/st/stm32cubeide_1.11.0/stm32cubeide/plugins/com.st.stm32cube.ide.mcu.externaltools.gnu-tools-for-stm32.10.3-2021.10.win32_1.0.100.202210260954/tools/bin/../lib/gcc/arm-none-eabi/10.3.1/../../../../arm-none-eabi/lib/thumb/v6-m/nofp\libc_nano.a(lib_a-nano-vfprintf_i.o)
                              c:/st/stm32cubeide_1.11.0/stm32cubeide/plugins/com.st.stm32cube.ide.mcu.externaltools.gnu-tools-for-stm32.10.3-2021.10.win32_1.0.100.202210260954/tools/bin/../lib/gcc/arm-none-eabi/10.3.1/../../../../arm-none-eabi/lib/thumb/v6-m/nofp\libc_nano.a(lib_a-nano-svfprintf.o) (_printf_i)
[...]
Memory Configuration

Name             Origin             Length             Attributes
RAM              0x0000000020000000 0x0000000000002000 xrw
FLASH            0x0000000008000000 0x0000000000008000 xr
*default*        0x0000000000000000 0xffffffffffffffff

Linker script and memory map

LOAD c:/st/stm32cubeide_1.11.0/stm32cubeide/plugins/com.st.stm32cube.ide.mcu.externaltools.gnu-tools-for-stm32.10.3-2021.10.win32_1.0.100.202210260954/tools/bin/../lib/gcc/arm-none-eabi/10.3.1/thumb/v6-m/nofp/crti.o
LOAD c:/st/stm32cubeide_1.11.0/stm32cubeide/plugins/com.st.stm32cube.ide.mcu.externaltools.gnu-tools-for-stm32.10.3-2021.10.win32_1.0.100.202210260954/tools/bin/../lib/gcc/arm-none-eabi/10.3.1/thumb/v6-m/nofp/crtbegin.o
LOAD c:/st/stm32cubeide_1.11.0/stm32cubeide/plugins/com.st.stm32cube.ide.mcu.externaltools.gnu-tools-for-stm32.10.3-2021.10.win32_1.0.100.202210260954/tools/bin/../lib/gcc/arm-none-eabi/10.3.1/../../../../arm-none-eabi/lib/thumb/v6-m/nofp/crt0.o
LOAD Core\SSD1306\ssd1306\ssd1306.o
LOAD Core\SSD1306\ssd1306\ssd1306_fonts.o
LOAD Core\SSD1306\ssd1306\ssd1306_tests.o
LOAD Core\Src\main.o
LOAD Core\Src\stm32g0xx_hal_msp.o
LOAD Core\Src\stm32g0xx_it.o
LOAD Core\Src\syscalls.o
LOAD Core\Src\sysmem.o
LOAD Core\Src\system_stm32g0xx.o
LOAD Core\Startup\startup_stm32g030f6px.o
LOAD Drivers\STM32G0xx_HAL_Driver\Src\stm32g0xx_hal.o
LOAD Drivers\STM32G0xx_HAL_Driver\Src\stm32g0xx_hal_adc.o
LOAD Drivers\STM32G0xx_HAL_Driver\Src\stm32g0xx_hal_adc_ex.o
LOAD Drivers\STM32G0xx_HAL_Driver\Src\stm32g0xx_hal_cortex.o
LOAD Drivers\STM32G0xx_HAL_Driver\Src\stm32g0xx_hal_dma.o
LOAD Drivers\STM32G0xx_HAL_Driver\Src\stm32g0xx_hal_dma_ex.o
LOAD Drivers\STM32G0xx_HAL_Driver\Src\stm32g0xx_hal_exti.o
LOAD Drivers\STM32G0xx_HAL_Driver\Src\stm32g0xx_hal_flash.o
LOAD Drivers\STM32G0xx_HAL_Driver\Src\stm32g0xx_hal_flash_ex.o
LOAD Drivers\STM32G0xx_HAL_Driver\Src\stm32g0xx_hal_gpio.o
LOAD Drivers\STM32G0xx_HAL_Driver\Src\stm32g0xx_hal_i2c.o
LOAD Drivers\STM32G0xx_HAL_Driver\Src\stm32g0xx_hal_i2c_ex.o
LOAD Drivers\STM32G0xx_HAL_Driver\Src\stm32g0xx_hal_pwr.o
LOAD Drivers\STM32G0xx_HAL_Driver\Src\stm32g0xx_hal_pwr_ex.o
LOAD Drivers\STM32G0xx_HAL_Driver\Src\stm32g0xx_hal_rcc.o
LOAD Drivers\STM32G0xx_HAL_Driver\Src\stm32g0xx_hal_rcc_ex.o
LOAD Drivers\STM32G0xx_HAL_Driver\Src\stm32g0xx_hal_tim.o
LOAD Drivers\STM32G0xx_HAL_Driver\Src\stm32g0xx_hal_tim_ex.o
LOAD Drivers\STM32G0xx_HAL_Driver\Src\stm32g0xx_ll_adc.o
LOAD Drivers\STM32G0xx_HAL_Driver\Src\stm32g0xx_ll_dma.o
LOAD Drivers\STM32G0xx_HAL_Driver\Src\stm32g0xx_ll_rcc.o
START GROUP
LOAD c:/st/stm32cubeide_1.11.0/stm32cubeide/plugins/com.st.stm32cube.ide.mcu.externaltools.gnu-tools-for-stm32.10.3-2021.10.win32_1.0.100.202210260954/tools/bin/../lib/gcc/arm-none-eabi/10.3.1/../../../../arm-none-eabi/lib/thumb/v6-m/nofp\libc_nano.a
LOAD c:/st/stm32cubeide_1.11.0/stm32cubeide/plugins/com.st.stm32cube.ide.mcu.externaltools.gnu-tools-for-stm32.10.3-2021.10.win32_1.0.100.202210260954/tools/bin/../lib/gcc/arm-none-eabi/10.3.1/../../../../arm-none-eabi/lib/thumb/v6-m/nofp\libm.a
END GROUP
START GROUP
LOAD c:/st/stm32cubeide_1.11.0/stm32cubeide/plugins/com.st.stm32cube.ide.mcu.externaltools.gnu-tools-for-stm32.10.3-2021.10.win32_1.0.100.202210260954/tools/bin/../lib/gcc/arm-none-eabi/10.3.1/thumb/v6-m/nofp\libgcc.a
LOAD c:/st/stm32cubeide_1.11.0/stm32cubeide/plugins/com.st.stm32cube.ide.mcu.externaltools.gnu-tools-for-stm32.10.3-2021.10.win32_1.0.100.202210260954/tools/bin/../lib/gcc/arm-none-eabi/10.3.1/../../../../arm-none-eabi/lib/thumb/v6-m/nofp\libc_nano.a
END GROUP
START GROUP
LOAD c:/st/stm32cubeide_1.11.0/stm32cubeide/plugins/com.st.stm32cube.ide.mcu.externaltools.gnu-tools-for-stm32.10.3-2021.10.win32_1.0.100.202210260954/tools/bin/../lib/gcc/arm-none-eabi/10.3.1/thumb/v6-m/nofp\libgcc.a
LOAD c:/st/stm32cubeide_1.11.0/stm32cubeide/plugins/com.st.stm32cube.ide.mcu.externaltools.gnu-tools-for-stm32.10.3-2021.10.win32_1.0.100.202210260954/tools/bin/../lib/gcc/arm-none-eabi/10.3.1/../../../../arm-none-eabi/lib/thumb/v6-m/nofp\libc_nano.a
LOAD c:/st/stm32cubeide_1.11.0/stm32cubeide/plugins/com.st.stm32cube.ide.mcu.externaltools.gnu-tools-for-stm32.10.3-2021.10.win32_1.0.100.202210260954/tools/bin/../lib/gcc/arm-none-eabi/10.3.1/../../../../arm-none-eabi/lib/thumb/v6-m/nofp\libnosys.a
END GROUP
START GROUP
LOAD c:/st/stm32cubeide_1.11.0/stm32cubeide/plugins/com.st.stm32cube.ide.mcu.externaltools.gnu-tools-for-stm32.10.3-2021.10.win32_1.0.100.202210260954/tools/bin/../lib/gcc/arm-none-eabi/10.3.1/thumb/v6-m/nofp\libgcc.a
LOAD c:/st/stm32cubeide_1.11.0/stm32cubeide/plugins/com.st.stm32cube.ide.mcu.externaltools.gnu-tools-for-stm32.10.3-2021.10.win32_1.0.100.202210260954/tools/bin/../lib/gcc/arm-none-eabi/10.3.1/../../../../arm-none-eabi/lib/thumb/v6-m/nofp\libc_nano.a
LOAD c:/st/stm32cubeide_1.11.0/stm32cubeide/plugins/com.st.stm32cube.ide.mcu.externaltools.gnu-tools-for-stm32.10.3-2021.10.win32_1.0.100.202210260954/tools/bin/../lib/gcc/arm-none-eabi/10.3.1/../../../../arm-none-eabi/lib/thumb/v6-m/nofp\libnosys.a
END GROUP
LOAD c:/st/stm32cubeide_1.11.0/stm32cubeide/plugins/com.st.stm32cube.ide.mcu.externaltools.gnu-tools-for-stm32.10.3-2021.10.win32_1.0.100.202210260954/tools/bin/../lib/gcc/arm-none-eabi/10.3.1/thumb/v6-m/nofp/crtend.o
LOAD c:/st/stm32cubeide_1.11.0/stm32cubeide/plugins/com.st.stm32cube.ide.mcu.externaltools.gnu-tools-for-stm32.10.3-2021.10.win32_1.0.100.202210260954/tools/bin/../lib/gcc/arm-none-eabi/10.3.1/thumb/v6-m/nofp/crtn.o
                0x0000000020002000                _estack = (ORIGIN (RAM) + LENGTH (RAM))
                0x0000000000000200                _Min_Heap_Size = 0x200
                0x0000000000000400                _Min_Stack_Size = 0x400

.isr_vector     0x0000000008000000       0xb8
                0x0000000008000000                . = ALIGN (0x4)
 *(.isr_vector)
 .isr_vector    0x0000000008000000       0xb8 Core\Startup\startup_stm32g030f6px.o
                0x0000000008000000                g_pfnVectors
                0x00000000080000b8                . = ALIGN (0x4)

.text           0x00000000080000b8     0x4800
                0x00000000080000b8                . = ALIGN (0x4)
 *(.text)
 .text          0x00000000080000b8       0x48 c:/st/stm32cubeide_1.11.0/stm32cubeide/plugins/com.st.stm32cube.ide.mcu.externaltools.gnu-tools-for-stm32.10.3-2021.10.win32_1.0.100.202210260954/tools/bin/../lib/gcc/arm-none-eabi/10.3.1/thumb/v6-m/nofp/crtbegin.o
 .text          0x0000000008000100      0x114 c:/st/stm32cubeide_1.11.0/stm32cubeide/plugins/com.st.stm32cube.ide.mcu.externaltools.gnu-tools-for-stm32.10.3-2021.10.win32_1.0.100.202210260954/tools/bin/../lib/gcc/arm-none-eabi/10.3.1/thumb/v6-m/nofp\libgcc.a(_udivsi3.o)
                0x0000000008000100                __aeabi_uidiv
                0x0000000008000100                __udivsi3
                0x000000000800020c                __aeabi_uidivmod
 .text          0x0000000008000214      0x1d4 c:/st/stm32cubeide_1.11.0/stm32cubeide/plugins/com.st.stm32cube.ide.mcu.externaltools.gnu-tools-for-stm32.10.3-2021.10.win32_1.0.100.202210260954/tools/bin/../lib/gcc/arm-none-eabi/10.3.1/thumb/v6-m/nofp\libgcc.a(_divsi3.o)
                0x0000000008000214                __divsi3
                0x0000000008000214                __aeabi_idiv
                0x00000000080003e0                __aeabi_idivmod
 .text          0x00000000080003e8        0x4 c:/st/stm32cubeide_1.11.0/stm32cubeide/plugins/com.st.stm32cube.ide.mcu.externaltools.gnu-tools-for-stm32.10.3-2021.10.win32_1.0.100.202210260954/tools/bin/../lib/gcc/arm-none-eabi/10.3.1/thumb/v6-m/nofp\libgcc.a(_dvmd_tls.o)
                0x00000000080003e8                __aeabi_idiv0
                0x00000000080003e8                __aeabi_ldiv0
 *(.text*)
 .text.ssd1306_WriteCommand
                0x00000000080003ec       0x34 Core\SSD1306\ssd1306\ssd1306.o
                0x00000000080003ec                ssd1306_WriteCommand
 .text.ssd1306_WriteData
                0x0000000008000420       0x34 Core\SSD1306\ssd1306\ssd1306.o
                0x0000000008000420                ssd1306_WriteData
 .text.ssd1306_Fill
                0x0000000008000454       0x48 Core\SSD1306\ssd1306\ssd1306.o
                0x0000000008000454                ssd1306_Fill
 .text.ssd1306_UpdateScreen
                0x000000000800049c       0x5c Core\SSD1306\ssd1306\ssd1306.o
                0x000000000800049c                ssd1306_UpdateScreen
 .text.ssd1306_DrawPixel
                0x00000000080004f8       0xc4 Core\SSD1306\ssd1306\ssd1306.o
                0x00000000080004f8                ssd1306_DrawPixel
 .text.ssd1306_WriteChar
                0x00000000080005bc      0x134 Core\SSD1306\ssd1306\ssd1306.o
                0x00000000080005bc                ssd1306_WriteChar
 .text.ssd1306_WriteString
                0x00000000080006f0       0x54 Core\SSD1306\ssd1306\ssd1306.o
                0x00000000080006f0                ssd1306_WriteString
 .text.ssd1306_SetCursor
                0x0000000008000744       0x34 Core\SSD1306\ssd1306\ssd1306.o
                0x0000000008000744                ssd1306_SetCursor
 .text.ssd1306_SetDisplayOn
                0x0000000008000778       0x4c Core\SSD1306\ssd1306\ssd1306.o
                0x0000000008000778                ssd1306_SetDisplayOn
 .text.SetPwm   0x00000000080007c4       0x64 Core\Src\main.o
                0x00000000080007c4                SetPwm
 .text.print_int
                0x0000000008000828       0x74 Core\Src\main.o
                0x0000000008000828                print_int
 .text.main     0x000000000800089c      0x1b4 Core\Src\main.o
                0x000000000800089c                main
 .text.SystemClock_Config
                0x0000000008000a50       0xb4 Core\Src\main.o
                0x0000000008000a50                SystemClock_Config
 .text.MX_ADC1_Init
                0x0000000008000b04       0xdc Core\Src\main.o
 .text.MX_I2C1_Init
                0x0000000008000be0       0x80 Core\Src\main.o
 .text.MX_TIM1_Init
                0x0000000008000c60      0x198 Core\Src\main.o
 .text.MX_GPIO_Init
                0x0000000008000df8       0x74 Core\Src\main.o
 .text.Error_Handler
                0x0000000008000e6c        0xa Core\Src\main.o
                0x0000000008000e6c                Error_Handler
 *fill*         0x0000000008000e76        0x2 
 .text.HAL_MspInit
                0x0000000008000e78       0x48 Core\Src\stm32g0xx_hal_msp.o
                0x0000000008000e78                HAL_MspInit
 .text.HAL_ADC_MspInit
                0x0000000008000ec0       0x88 Core\Src\stm32g0xx_hal_msp.o
                0x0000000008000ec0                HAL_ADC_MspInit
 .text.HAL_I2C_MspInit
                0x0000000008000f48       0xc4 Core\Src\stm32g0xx_hal_msp.o
                0x0000000008000f48                HAL_I2C_MspInit
 .text.HAL_TIM_Base_MspInit
                0x000000000800100c       0x40 Core\Src\stm32g0xx_hal_msp.o
                0x000000000800100c                HAL_TIM_Base_MspInit
 .text.HAL_TIM_MspPostInit
                0x000000000800104c       0x7c Core\Src\stm32g0xx_hal_msp.o
                0x000000000800104c                HAL_TIM_MspPostInit
 .text.NMI_Handler
                0x00000000080010c8        0x6 Core\Src\stm32g0xx_it.o
                0x00000000080010c8                NMI_Handler
 .text.HardFault_Handler
                0x00000000080010ce        0x6 Core\Src\stm32g0xx_it.o
                0x00000000080010ce                HardFault_Handler
 .text.SVC_Handler
                0x00000000080010d4        0xa Core\Src\stm32g0xx_it.o
                0x00000000080010d4                SVC_Handler
 .text.PendSV_Handler
                0x00000000080010de        0xa Core\Src\stm32g0xx_it.o
                0x00000000080010de                PendSV_Handler
 .text.SysTick_Handler
                0x00000000080010e8        0xe Core\Src\stm32g0xx_it.o
                0x00000000080010e8                SysTick_Handler
 .text.SystemInit
                0x00000000080010f6        0xa Core\Src\system_stm32g0xx.o
                0x00000000080010f6                SystemInit
 .text.Reset_Handler
                0x0000000008001100       0x50 Core\Startup\startup_stm32g030f6px.o
                0x0000000008001100                Reset_Handler
 .text.Default_Handler
                0x0000000008001150        0x2 Core\Startup\startup_stm32g030f6px.o
                0x0000000008001150                TIM1_CC_IRQHandler
                0x0000000008001150                I2C1_IRQHandler
                0x0000000008001150                RTC_TAMP_IRQHandler
                0x0000000008001150                SPI1_IRQHandler
                0x0000000008001150                DMA1_Ch4_5_DMAMUX1_OVR_IRQHandler
                0x0000000008001150                EXTI2_3_IRQHandler
                0x0000000008001150                ADC1_IRQHandler
                0x0000000008001150                I2C2_IRQHandler
                0x0000000008001150                TIM17_IRQHandler
                0x0000000008001150                TIM16_IRQHandler
                0x0000000008001150                TIM3_IRQHandler
                0x0000000008001150                EXTI4_15_IRQHandler
                0x0000000008001150                RCC_IRQHandler
                0x0000000008001150                DMA1_Channel1_IRQHandler
                0x0000000008001150                Default_Handler
                0x0000000008001150                TIM14_IRQHandler
                0x0000000008001150                EXTI0_1_IRQHandler
                0x0000000008001150                SPI2_IRQHandler
                0x0000000008001150                WWDG_IRQHandler
                0x0000000008001150                DMA1_Channel2_3_IRQHandler
                0x0000000008001150                USART2_IRQHandler
                0x0000000008001150                FLASH_IRQHandler
                0x0000000008001150                USART1_IRQHandler
                0x0000000008001150                TIM1_BRK_UP_TRG_COM_IRQHandler
 *fill*         0x0000000008001152        0x2 
 .text.HAL_Init
                0x0000000008001154       0x40 Drivers\STM32G0xx_HAL_Driver\Src\stm32g0xx_hal.o
                0x0000000008001154                HAL_Init
 .text.HAL_InitTick
                0x0000000008001194       0x94 Drivers\STM32G0xx_HAL_Driver\Src\stm32g0xx_hal.o
                0x0000000008001194                HAL_InitTick
 .text.HAL_IncTick
                0x0000000008001228       0x24 Drivers\STM32G0xx_HAL_Driver\Src\stm32g0xx_hal.o
                0x0000000008001228                HAL_IncTick
 .text.HAL_GetTick
                0x000000000800124c       0x14 Drivers\STM32G0xx_HAL_Driver\Src\stm32g0xx_hal.o
                0x000000000800124c                HAL_GetTick
 .text.HAL_Delay
                0x0000000008001260       0x48 Drivers\STM32G0xx_HAL_Driver\Src\stm32g0xx_hal.o
                0x0000000008001260                HAL_Delay
 .text.LL_ADC_SetCommonPathInternalCh
                0x00000000080012a8       0x28 Drivers\STM32G0xx_HAL_Driver\Src\stm32g0xx_hal_adc.o
 .text.LL_ADC_GetCommonPathInternalCh
                0x00000000080012d0       0x1a Drivers\STM32G0xx_HAL_Driver\Src\stm32g0xx_hal_adc.o
 .text.LL_ADC_SetSamplingTimeCommonChannels
                0x00000000080012ea       0x3a Drivers\STM32G0xx_HAL_Driver\Src\stm32g0xx_hal_adc.o
 .text.LL_ADC_GetSamplingTimeCommonChannels
                0x0000000008001324       0x2e Drivers\STM32G0xx_HAL_Driver\Src\stm32g0xx_hal_adc.o
 .text.LL_ADC_REG_SetSequencerRanks
                0x0000000008001352       0x40 Drivers\STM32G0xx_HAL_Driver\Src\stm32g0xx_hal_adc.o
 .text.LL_ADC_REG_SetSequencerChAdd
                0x0000000008001392       0x22 Drivers\STM32G0xx_HAL_Driver\Src\stm32g0xx_hal_adc.o
 .text.LL_ADC_REG_SetSequencerChRem
                0x00000000080013b4       0x24 Drivers\STM32G0xx_HAL_Driver\Src\stm32g0xx_hal_adc.o
 .text.LL_ADC_SetChannelSamplingTime
                0x00000000080013d8       0x38 Drivers\STM32G0xx_HAL_Driver\Src\stm32g0xx_hal_adc.o
 .text.LL_ADC_EnableInternalRegulator
                0x0000000008001410       0x28 Drivers\STM32G0xx_HAL_Driver\Src\stm32g0xx_hal_adc.o
 .text.LL_ADC_IsInternalRegulatorEnabled
                0x0000000008001438       0x28 Drivers\STM32G0xx_HAL_Driver\Src\stm32g0xx_hal_adc.o
 .text.LL_ADC_Enable
                0x0000000008001460       0x24 Drivers\STM32G0xx_HAL_Driver\Src\stm32g0xx_hal_adc.o
 .text.LL_ADC_IsEnabled
                0x0000000008001484       0x22 Drivers\STM32G0xx_HAL_Driver\Src\stm32g0xx_hal_adc.o
 *fill*         0x00000000080014a6        0x2 
 .text.LL_ADC_REG_StartConversion
                0x00000000080014a8       0x24 Drivers\STM32G0xx_HAL_Driver\Src\stm32g0xx_hal_adc.o
 .text.LL_ADC_REG_IsConversionOngoing
                0x00000000080014cc       0x22 Drivers\STM32G0xx_HAL_Driver\Src\stm32g0xx_hal_adc.o
 *fill*         0x00000000080014ee        0x2 
 .text.HAL_ADC_Init
                0x00000000080014f0      0x350 Drivers\STM32G0xx_HAL_Driver\Src\stm32g0xx_hal_adc.o
                0x00000000080014f0                HAL_ADC_Init
 .text.HAL_ADC_Start
                0x0000000008001840       0x9c Drivers\STM32G0xx_HAL_Driver\Src\stm32g0xx_hal_adc.o
                0x0000000008001840                HAL_ADC_Start
 .text.HAL_ADC_GetValue
                0x00000000080018dc       0x16 Drivers\STM32G0xx_HAL_Driver\Src\stm32g0xx_hal_adc.o
                0x00000000080018dc                HAL_ADC_GetValue
 *fill*         0x00000000080018f2        0x2 
 .text.HAL_ADC_ConfigChannel
                0x00000000080018f4      0x3b0 Drivers\STM32G0xx_HAL_Driver\Src\stm32g0xx_hal_adc.o
                0x00000000080018f4                HAL_ADC_ConfigChannel
 .text.ADC_Enable
                0x0000000008001ca4      0x10c Drivers\STM32G0xx_HAL_Driver\Src\stm32g0xx_hal_adc.o
                0x0000000008001ca4                ADC_Enable
 .text.__NVIC_SetPriority
                0x0000000008001db0       0xdc Drivers\STM32G0xx_HAL_Driver\Src\stm32g0xx_hal_cortex.o
 .text.SysTick_Config
                0x0000000008001e8c       0x48 Drivers\STM32G0xx_HAL_Driver\Src\stm32g0xx_hal_cortex.o
 .text.HAL_NVIC_SetPriority
                0x0000000008001ed4       0x2a Drivers\STM32G0xx_HAL_Driver\Src\stm32g0xx_hal_cortex.o
                0x0000000008001ed4                HAL_NVIC_SetPriority
 .text.HAL_SYSTICK_Config
                0x0000000008001efe       0x1a Drivers\STM32G0xx_HAL_Driver\Src\stm32g0xx_hal_cortex.o
                0x0000000008001efe                HAL_SYSTICK_Config
 .text.HAL_GPIO_Init
                0x0000000008001f18      0x2c8 Drivers\STM32G0xx_HAL_Driver\Src\stm32g0xx_hal_gpio.o
                0x0000000008001f18                HAL_GPIO_Init
 .text.HAL_GPIO_ReadPin
                0x00000000080021e0       0x3a Drivers\STM32G0xx_HAL_Driver\Src\stm32g0xx_hal_gpio.o
                0x00000000080021e0                HAL_GPIO_ReadPin
 *fill*         0x000000000800221a        0x2 
 .text.HAL_I2C_Init
                0x000000000800221c      0x12c Drivers\STM32G0xx_HAL_Driver\Src\stm32g0xx_hal_i2c.o
                0x000000000800221c                HAL_I2C_Init
 .text.HAL_I2C_Mem_Write
                0x0000000008002348      0x25c Drivers\STM32G0xx_HAL_Driver\Src\stm32g0xx_hal_i2c.o
                0x0000000008002348                HAL_I2C_Mem_Write
 .text.I2C_RequestMemoryWrite
                0x00000000080025a4       0xc8 Drivers\STM32G0xx_HAL_Driver\Src\stm32g0xx_hal_i2c.o
 .text.I2C_Flush_TXDR
                0x000000000800266c       0x44 Drivers\STM32G0xx_HAL_Driver\Src\stm32g0xx_hal_i2c.o
 .text.I2C_WaitOnFlagUntilTimeout
                0x00000000080026b0       0x7e Drivers\STM32G0xx_HAL_Driver\Src\stm32g0xx_hal_i2c.o
 .text.I2C_WaitOnTXISFlagUntilTimeout
                0x000000000800272e       0x7e Drivers\STM32G0xx_HAL_Driver\Src\stm32g0xx_hal_i2c.o
 .text.I2C_WaitOnSTOPFlagUntilTimeout
                0x00000000080027ac       0x78 Drivers\STM32G0xx_HAL_Driver\Src\stm32g0xx_hal_i2c.o
 .text.I2C_IsErrorOccurred
                0x0000000008002824      0x200 Drivers\STM32G0xx_HAL_Driver\Src\stm32g0xx_hal_i2c.o
 .text.I2C_TransferConfig
                0x0000000008002a24       0x74 Drivers\STM32G0xx_HAL_Driver\Src\stm32g0xx_hal_i2c.o
 .text.HAL_I2CEx_ConfigAnalogFilter
                0x0000000008002a98       0x98 Drivers\STM32G0xx_HAL_Driver\Src\stm32g0xx_hal_i2c_ex.o
                0x0000000008002a98                HAL_I2CEx_ConfigAnalogFilter
 .text.HAL_I2CEx_ConfigDigitalFilter
                0x0000000008002b30       0x98 Drivers\STM32G0xx_HAL_Driver\Src\stm32g0xx_hal_i2c_ex.o
                0x0000000008002b30                HAL_I2CEx_ConfigDigitalFilter
 .text.HAL_PWREx_ControlVoltageScaling
                0x0000000008002bc8       0x80 Drivers\STM32G0xx_HAL_Driver\Src\stm32g0xx_hal_pwr_ex.o
                0x0000000008002bc8                HAL_PWREx_ControlVoltageScaling
 .text.HAL_RCC_OscConfig
                0x0000000008002c48      0x620 Drivers\STM32G0xx_HAL_Driver\Src\stm32g0xx_hal_rcc.o
                0x0000000008002c48                HAL_RCC_OscConfig
 .text.HAL_RCC_ClockConfig
                0x0000000008003268      0x210 Drivers\STM32G0xx_HAL_Driver\Src\stm32g0xx_hal_rcc.o
                0x0000000008003268                HAL_RCC_ClockConfig
 .text.HAL_RCC_GetSysClockFreq
                0x0000000008003478      0x104 Drivers\STM32G0xx_HAL_Driver\Src\stm32g0xx_hal_rcc.o
                0x0000000008003478                HAL_RCC_GetSysClockFreq
 .text.HAL_RCCEx_PeriphCLKConfig
                0x000000000800357c      0x24c Drivers\STM32G0xx_HAL_Driver\Src\stm32g0xx_hal_rcc_ex.o
                0x000000000800357c                HAL_RCCEx_PeriphCLKConfig
 .text.HAL_TIM_Base_Init
                0x00000000080037c8       0xb0 Drivers\STM32G0xx_HAL_Driver\Src\stm32g0xx_hal_tim.o
                0x00000000080037c8                HAL_TIM_Base_Init
 .text.HAL_TIM_PWM_Init
                0x0000000008003878       0xb0 Drivers\STM32G0xx_HAL_Driver\Src\stm32g0xx_hal_tim.o
                0x0000000008003878                HAL_TIM_PWM_Init
 .text.HAL_TIM_PWM_MspInit
                0x0000000008003928       0x10 Drivers\STM32G0xx_HAL_Driver\Src\stm32g0xx_hal_tim.o
                0x0000000008003928                HAL_TIM_PWM_MspInit
 .text.HAL_TIM_PWM_Start
                0x0000000008003938      0x1b0 Drivers\STM32G0xx_HAL_Driver\Src\stm32g0xx_hal_tim.o
                0x0000000008003938                HAL_TIM_PWM_Start
 .text.HAL_TIM_PWM_ConfigChannel
                0x0000000008003ae8      0x200 Drivers\STM32G0xx_HAL_Driver\Src\stm32g0xx_hal_tim.o
                0x0000000008003ae8                HAL_TIM_PWM_ConfigChannel
 .text.HAL_TIM_ConfigClockSource
                0x0000000008003ce8      0x1ac Drivers\STM32G0xx_HAL_Driver\Src\stm32g0xx_hal_tim.o
                0x0000000008003ce8                HAL_TIM_ConfigClockSource
 .text.TIM_Base_SetConfig
                0x0000000008003e94       0xd8 Drivers\STM32G0xx_HAL_Driver\Src\stm32g0xx_hal_tim.o
                0x0000000008003e94                TIM_Base_SetConfig
 .text.TIM_OC1_SetConfig
                0x0000000008003f6c      0x100 Drivers\STM32G0xx_HAL_Driver\Src\stm32g0xx_hal_tim.o
 .text.TIM_OC2_SetConfig
                0x000000000800406c       0xfc Drivers\STM32G0xx_HAL_Driver\Src\stm32g0xx_hal_tim.o
                0x000000000800406c                TIM_OC2_SetConfig
 .text.TIM_OC3_SetConfig
                0x0000000008004168      0x104 Drivers\STM32G0xx_HAL_Driver\Src\stm32g0xx_hal_tim.o
 .text.TIM_OC4_SetConfig
                0x000000000800426c       0xc8 Drivers\STM32G0xx_HAL_Driver\Src\stm32g0xx_hal_tim.o
 .text.TIM_OC5_SetConfig
                0x0000000008004334       0xb4 Drivers\STM32G0xx_HAL_Driver\Src\stm32g0xx_hal_tim.o
 .text.TIM_OC6_SetConfig
                0x00000000080043e8       0xbc Drivers\STM32G0xx_HAL_Driver\Src\stm32g0xx_hal_tim.o
 .text.TIM_TI1_ConfigInputStage
                0x00000000080044a4       0x5c Drivers\STM32G0xx_HAL_Driver\Src\stm32g0xx_hal_tim.o
 .text.TIM_TI2_ConfigInputStage
                0x0000000008004500       0x64 Drivers\STM32G0xx_HAL_Driver\Src\stm32g0xx_hal_tim.o
 .text.TIM_ITRx_SetConfig
                0x0000000008004564       0x38 Drivers\STM32G0xx_HAL_Driver\Src\stm32g0xx_hal_tim.o
 .text.TIM_ETR_SetConfig
                0x000000000800459c       0x40 Drivers\STM32G0xx_HAL_Driver\Src\stm32g0xx_hal_tim.o
                0x000000000800459c                TIM_ETR_SetConfig
 .text.TIM_CCxChannelCmd
                0x00000000080045dc       0x46 Drivers\STM32G0xx_HAL_Driver\Src\stm32g0xx_hal_tim.o
                0x00000000080045dc                TIM_CCxChannelCmd
 *fill*         0x0000000008004622        0x2 
 .text.HAL_TIMEx_MasterConfigSynchronization
                0x0000000008004624       0xc4 Drivers\STM32G0xx_HAL_Driver\Src\stm32g0xx_hal_tim_ex.o
                0x0000000008004624                HAL_TIMEx_MasterConfigSynchronization
 .text.HAL_TIMEx_ConfigBreakDeadTime
                0x00000000080046e8      0x14c Drivers\STM32G0xx_HAL_Driver\Src\stm32g0xx_hal_tim_ex.o
                0x00000000080046e8                HAL_TIMEx_ConfigBreakDeadTime
 .text.__libc_init_array
                0x0000000008004834       0x48 c:/st/stm32cubeide_1.11.0/stm32cubeide/plugins/com.st.stm32cube.ide.mcu.externaltools.gnu-tools-for-stm32.10.3-2021.10.win32_1.0.100.202210260954/tools/bin/../lib/gcc/arm-none-eabi/10.3.1/../../../../arm-none-eabi/lib/thumb/v6-m/nofp\libc_nano.a(lib_a-init.o)
                0x0000000008004834                __libc_init_array
 .text.memcpy   0x000000000800487c       0x12 c:/st/stm32cubeide_1.11.0/stm32cubeide/plugins/com.st.stm32cube.ide.mcu.externaltools.gnu-tools-for-stm32.10.3-2021.10.win32_1.0.100.202210260954/tools/bin/../lib/gcc/arm-none-eabi/10.3.1/../../../../arm-none-eabi/lib/thumb/v6-m/nofp\libc_nano.a(lib_a-memcpy-stub.o)
                0x000000000800487c                memcpy
 .text.memset   0x000000000800488e       0x10 c:/st/stm32cubeide_1.11.0/stm32cubeide/plugins/com.st.stm32cube.ide.mcu.externaltools.gnu-tools-for-stm32.10.3-2021.10.win32_1.0.100.202210260954/tools/bin/../lib/gcc/arm-none-eabi/10.3.1/../../../../arm-none-eabi/lib/thumb/v6-m/nofp\libc_nano.a(lib_a-memset.o)
                0x000000000800488e                memset
 *(.glue_7)
 .glue_7        0x000000000800489e        0x0 linker stubs
 *(.glue_7t)
 .glue_7t       0x000000000800489e        0x0 linker stubs
 *(.eh_frame)
 *fill*         0x000000000800489e        0x2 
 .eh_frame      0x00000000080048a0        0x0 c:/st/stm32cubeide_1.11.0/stm32cubeide/plugins/com.st.stm32cube.ide.mcu.externaltools.gnu-tools-for-stm32.10.3-2021.10.win32_1.0.100.202210260954/tools/bin/../lib/gcc/arm-none-eabi/10.3.1/thumb/v6-m/nofp/crtbegin.o
 *(.init)
 .init          0x00000000080048a0        0x4 c:/st/stm32cubeide_1.11.0/stm32cubeide/plugins/com.st.stm32cube.ide.mcu.externaltools.gnu-tools-for-stm32.10.3-2021.10.win32_1.0.100.202210260954/tools/bin/../lib/gcc/arm-none-eabi/10.3.1/thumb/v6-m/nofp/crti.o
                0x00000000080048a0                _init
 .init          0x00000000080048a4        0x8 c:/st/stm32cubeide_1.11.0/stm32cubeide/plugins/com.st.stm32cube.ide.mcu.externaltools.gnu-tools-for-stm32.10.3-2021.10.win32_1.0.100.202210260954/tools/bin/../lib/gcc/arm-none-eabi/10.3.1/thumb/v6-m/nofp/crtn.o
 *(.fini)
 .fini          0x00000000080048ac        0x4 c:/st/stm32cubeide_1.11.0/stm32cubeide/plugins/com.st.stm32cube.ide.mcu.externaltools.gnu-tools-for-stm32.10.3-2021.10.win32_1.0.100.202210260954/tools/bin/../lib/gcc/arm-none-eabi/10.3.1/thumb/v6-m/nofp/crti.o
                0x00000000080048ac                _fini
 .fini          0x00000000080048b0        0x8 c:/st/stm32cubeide_1.11.0/stm32cubeide/plugins/com.st.stm32cube.ide.mcu.externaltools.gnu-tools-for-stm32.10.3-2021.10.win32_1.0.100.202210260954/tools/bin/../lib/gcc/arm-none-eabi/10.3.1/thumb/v6-m/nofp/crtn.o
                0x00000000080048b8                . = ALIGN (0x4)
                0x00000000080048b8                _etext = .

.vfp11_veneer   0x00000000080048b8        0x0
 .vfp11_veneer  0x00000000080048b8        0x0 linker stubs

.v4_bx          0x00000000080048b8        0x0
 .v4_bx         0x00000000080048b8        0x0 linker stubs

.iplt           0x00000000080048b8        0x0
 .iplt          0x00000000080048b8        0x0 c:/st/stm32cubeide_1.11.0/stm32cubeide/plugins/com.st.stm32cube.ide.mcu.externaltools.gnu-tools-for-stm32.10.3-2021.10.win32_1.0.100.202210260954/tools/bin/../lib/gcc/arm-none-eabi/10.3.1/thumb/v6-m/nofp/crtbegin.o

.rodata         0x00000000080048b8     0x1be8
                0x00000000080048b8                . = ALIGN (0x4)
 *(.rodata)
 .rodata        0x00000000080048b8        0x6 Core\Src\main.o
 *(.rodata*)
 *fill*         0x00000000080048be        0x2 
 .rodata.Font11x18
                0x00000000080048c0      0xd5c Core\SSD1306\ssd1306\ssd1306_fonts.o
 .rodata.Font6x8
                0x000000000800561c      0x5f0 Core\SSD1306\ssd1306\ssd1306_fonts.o
 .rodata.thermistor_value_lookup
                0x0000000008005c0c      0x800 Core\Src\main.o
                0x0000000008005c0c                thermistor_value_lookup
 .rodata.AHBPrescTable
                0x000000000800640c       0x40 Core\Src\system_stm32g0xx.o
                0x000000000800640c                AHBPrescTable
 .rodata.HAL_TIM_PWM_ConfigChannel
                0x000000000800644c       0x54 Drivers\STM32G0xx_HAL_Driver\Src\stm32g0xx_hal_tim.o
                0x00000000080064a0                . = ALIGN (0x4)

.rel.dyn        0x00000000080064a0        0x0
 .rel.iplt      0x00000000080064a0        0x0 c:/st/stm32cubeide_1.11.0/stm32cubeide/plugins/com.st.stm32cube.ide.mcu.externaltools.gnu-tools-for-stm32.10.3-2021.10.win32_1.0.100.202210260954/tools/bin/../lib/gcc/arm-none-eabi/10.3.1/thumb/v6-m/nofp/crtbegin.o

.ARM.extab      0x00000000080064a0        0x0
                0x00000000080064a0                . = ALIGN (0x4)
 *(.ARM.extab* .gnu.linkonce.armextab.*)
                0x00000000080064a0                . = ALIGN (0x4)

.ARM            0x00000000080064a0        0x0
                0x00000000080064a0                . = ALIGN (0x4)
                0x00000000080064a0                __exidx_start = .
 *(.ARM.exidx*)
                0x00000000080064a0                __exidx_end = .
                0x00000000080064a0                . = ALIGN (0x4)

.preinit_array  0x00000000080064a0        0x0
                0x00000000080064a0                . = ALIGN (0x4)
                0x00000000080064a0                PROVIDE (__preinit_array_start = .)
 *(.preinit_array*)
                0x00000000080064a0                PROVIDE (__preinit_array_end = .)
                0x00000000080064a0                . = ALIGN (0x4)

.init_array     0x00000000080064a0        0x4
                0x00000000080064a0                . = ALIGN (0x4)
                0x00000000080064a0                PROVIDE (__init_array_start = .)
 *(SORT_BY_NAME(.init_array.*))
 *(.init_array*)
 .init_array    0x00000000080064a0        0x4 c:/st/stm32cubeide_1.11.0/stm32cubeide/plugins/com.st.stm32cube.ide.mcu.externaltools.gnu-tools-for-stm32.10.3-2021.10.win32_1.0.100.202210260954/tools/bin/../lib/gcc/arm-none-eabi/10.3.1/thumb/v6-m/nofp/crtbegin.o
                0x00000000080064a4                PROVIDE (__init_array_end = .)
                0x00000000080064a4                . = ALIGN (0x4)

.fini_array     0x00000000080064a4        0x4
                0x00000000080064a4                . = ALIGN (0x4)
                [!provide]                        PROVIDE (__fini_array_start = .)
 *(SORT_BY_NAME(.fini_array.*))
 *(.fini_array*)
 .fini_array    0x00000000080064a4        0x4 c:/st/stm32cubeide_1.11.0/stm32cubeide/plugins/com.st.stm32cube.ide.mcu.externaltools.gnu-tools-for-stm32.10.3-2021.10.win32_1.0.100.202210260954/tools/bin/../lib/gcc/arm-none-eabi/10.3.1/thumb/v6-m/nofp/crtbegin.o
                [!provide]                        PROVIDE (__fini_array_end = .)
                0x00000000080064a8                . = ALIGN (0x4)
                0x00000000080064a8                _sidata = LOADADDR (.data)

.data           0x0000000020000000       0x1c load address 0x00000000080064a8
                0x0000000020000000                . = ALIGN (0x4)
                0x0000000020000000                _sdata = .
 *(.data)
 *(.data*)
 .data.Font_6x8
                0x0000000020000000        0x8 Core\SSD1306\ssd1306\ssd1306_fonts.o
                0x0000000020000000                Font_6x8
 .data.Font_11x18
                0x0000000020000008        0x8 Core\SSD1306\ssd1306\ssd1306_fonts.o
                0x0000000020000008                Font_11x18
 .data.SystemCoreClock
                0x0000000020000010        0x4 Core\Src\system_stm32g0xx.o
                0x0000000020000010                SystemCoreClock
 .data.uwTickPrio
                0x0000000020000014        0x4 Drivers\STM32G0xx_HAL_Driver\Src\stm32g0xx_hal.o
                0x0000000020000014                uwTickPrio
 .data.uwTickFreq
                0x0000000020000018        0x1 Drivers\STM32G0xx_HAL_Driver\Src\stm32g0xx_hal.o
                0x0000000020000018                uwTickFreq
 *(.RamFunc)
 *(.RamFunc*)
                0x000000002000001c                . = ALIGN (0x4)
 *fill*         0x0000000020000019        0x3 
                0x000000002000001c                _edata = .

.igot.plt       0x000000002000001c        0x0 load address 0x00000000080064c4
 .igot.plt      0x000000002000001c        0x0 c:/st/stm32cubeide_1.11.0/stm32cubeide/plugins/com.st.stm32cube.ide.mcu.externaltools.gnu-tools-for-stm32.10.3-2021.10.win32_1.0.100.202210260954/tools/bin/../lib/gcc/arm-none-eabi/10.3.1/thumb/v6-m/nofp/crtbegin.o
                0x000000002000001c                . = ALIGN (0x4)

.bss            0x000000002000001c      0x530 load address 0x00000000080064c4
                0x000000002000001c                _sbss = .
                0x000000002000001c                __bss_start__ = _sbss
 *(.bss)
 .bss           0x000000002000001c       0x1c c:/st/stm32cubeide_1.11.0/stm32cubeide/plugins/com.st.stm32cube.ide.mcu.externaltools.gnu-tools-for-stm32.10.3-2021.10.win32_1.0.100.202210260954/tools/bin/../lib/gcc/arm-none-eabi/10.3.1/thumb/v6-m/nofp/crtbegin.o
 *(.bss*)
 .bss.SSD1306_Buffer
                0x0000000020000038      0x400 Core\SSD1306\ssd1306\ssd1306.o
 .bss.SSD1306   0x0000000020000438        0x6 Core\SSD1306\ssd1306\ssd1306.o
 *fill*         0x000000002000043e        0x2 
 .bss.hadc1     0x0000000020000440       0x64 Core\Src\main.o
                0x0000000020000440                hadc1
 .bss.hi2c1     0x00000000200004a4       0x54 Core\Src\main.o
                0x00000000200004a4                hi2c1
 .bss.htim1     0x00000000200004f8       0x4c Core\Src\main.o
                0x00000000200004f8                htim1
 .bss.temperature_setpoint
                0x0000000020000544        0x2 Core\Src\main.o
                0x0000000020000544                temperature_setpoint
 .bss.current_temperature
                0x0000000020000546        0x2 Core\Src\main.o
                0x0000000020000546                current_temperature
 .bss.uwTick    0x0000000020000548        0x4 Drivers\STM32G0xx_HAL_Driver\Src\stm32g0xx_hal.o
                0x0000000020000548                uwTick
 *(COMMON)
                0x000000002000054c                . = ALIGN (0x4)
                0x000000002000054c                _ebss = .
                0x000000002000054c                __bss_end__ = _ebss

._user_heap_stack
                0x000000002000054c      0x604 load address 0x00000000080064c4
                0x0000000020000550                . = ALIGN (0x8)
 *fill*         0x000000002000054c        0x4 
                [!provide]                        PROVIDE (end = .)
                0x0000000020000550                PROVIDE (_end = .)
                0x0000000020000750                . = (. + _Min_Heap_Size)
 *fill*         0x0000000020000550      0x200 
                0x0000000020000b50                . = (. + _Min_Stack_Size)
 *fill*         0x0000000020000750      0x400 
                0x0000000020000b50                . = ALIGN (0x8)

/DISCARD/
 libc.a(*)
 libm.a(*)
 libgcc.a(*)

.ARM.attributes
                0x0000000000000000       0x28
 *(.ARM.attributes)
 .ARM.attributes
                0x0000000000000000       0x1e c:/st/stm32cubeide_1.11.0/stm32cubeide/plugins/com.st.stm32cube.ide.mcu.externaltools.gnu-tools-for-stm32.10.3-2021.10.win32_1.0.100.202210260954/tools/bin/../lib/gcc/arm-none-eabi/10.3.1/thumb/v6-m/nofp/crti.o
 .ARM.attributes
                0x000000000000001e       0x2c c:/st/stm32cubeide_1.11.0/stm32cubeide/plugins/com.st.stm32cube.ide.mcu.externaltools.gnu-tools-for-stm32.10.3-2021.10.win32_1.0.100.202210260954/tools/bin/../lib/gcc/arm-none-eabi/10.3.1/thumb/v6-m/nofp/crtbegin.o
 .ARM.attributes
                0x000000000000004a       0x2c Core\SSD1306\ssd1306\ssd1306.o
 .ARM.attributes
                0x0000000000000076       0x2c Core\SSD1306\ssd1306\ssd1306_fonts.o
 .ARM.attributes
                0x00000000000000a2       0x2c Core\Src\main.o
 .ARM.attributes
                0x00000000000000ce       0x2c Core\Src\stm32g0xx_hal_msp.o
 .ARM.attributes
                0x00000000000000fa       0x2c Core\Src\stm32g0xx_it.o
 .ARM.attributes
                0x0000000000000126       0x2c Core\Src\system_stm32g0xx.o
 .ARM.attributes
                0x0000000000000152       0x22 Core\Startup\startup_stm32g030f6px.o
 .ARM.attributes
                0x0000000000000174       0x2c Drivers\STM32G0xx_HAL_Driver\Src\stm32g0xx_hal.o
 .ARM.attributes
                0x00000000000001a0       0x2c Drivers\STM32G0xx_HAL_Driver\Src\stm32g0xx_hal_adc.o
 .ARM.attributes
                0x00000000000001cc       0x2c Drivers\STM32G0xx_HAL_Driver\Src\stm32g0xx_hal_cortex.o
 .ARM.attributes
                0x00000000000001f8       0x2c Drivers\STM32G0xx_HAL_Driver\Src\stm32g0xx_hal_gpio.o
 .ARM.attributes
                0x0000000000000224       0x2c Drivers\STM32G0xx_HAL_Driver\Src\stm32g0xx_hal_i2c.o
 .ARM.attributes
                0x0000000000000250       0x2c Drivers\STM32G0xx_HAL_Driver\Src\stm32g0xx_hal_i2c_ex.o
 .ARM.attributes
                0x000000000000027c       0x2c Drivers\STM32G0xx_HAL_Driver\Src\stm32g0xx_hal_pwr_ex.o
 .ARM.attributes
                0x00000000000002a8       0x2c Drivers\STM32G0xx_HAL_Driver\Src\stm32g0xx_hal_rcc.o
 .ARM.attributes
                0x00000000000002d4       0x2c Drivers\STM32G0xx_HAL_Driver\Src\stm32g0xx_hal_rcc_ex.o
 .ARM.attributes
                0x0000000000000300       0x2c Drivers\STM32G0xx_HAL_Driver\Src\stm32g0xx_hal_tim.o
 .ARM.attributes
                0x000000000000032c       0x2c Drivers\STM32G0xx_HAL_Driver\Src\stm32g0xx_hal_tim_ex.o
 .ARM.attributes
                0x0000000000000358       0x2c c:/st/stm32cubeide_1.11.0/stm32cubeide/plugins/com.st.stm32cube.ide.mcu.externaltools.gnu-tools-for-stm32.10.3-2021.10.win32_1.0.100.202210260954/tools/bin/../lib/gcc/arm-none-eabi/10.3.1/../../../../arm-none-eabi/lib/thumb/v6-m/nofp\libc_nano.a(lib_a-init.o)
 .ARM.attributes
                0x0000000000000384       0x2c c:/st/stm32cubeide_1.11.0/stm32cubeide/plugins/com.st.stm32cube.ide.mcu.externaltools.gnu-tools-for-stm32.10.3-2021.10.win32_1.0.100.202210260954/tools/bin/../lib/gcc/arm-none-eabi/10.3.1/../../../../arm-none-eabi/lib/thumb/v6-m/nofp\libc_nano.a(lib_a-memcpy-stub.o)
 .ARM.attributes
                0x00000000000003b0       0x2c c:/st/stm32cubeide_1.11.0/stm32cubeide/plugins/com.st.stm32cube.ide.mcu.externaltools.gnu-tools-for-stm32.10.3-2021.10.win32_1.0.100.202210260954/tools/bin/../lib/gcc/arm-none-eabi/10.3.1/../../../../arm-none-eabi/lib/thumb/v6-m/nofp\libc_nano.a(lib_a-memset.o)
 .ARM.attributes
                0x00000000000003dc       0x1e c:/st/stm32cubeide_1.11.0/stm32cubeide/plugins/com.st.stm32cube.ide.mcu.externaltools.gnu-tools-for-stm32.10.3-2021.10.win32_1.0.100.202210260954/tools/bin/../lib/gcc/arm-none-eabi/10.3.1/thumb/v6-m/nofp\libgcc.a(_udivsi3.o)
 .ARM.attributes
                0x00000000000003fa       0x1e c:/st/stm32cubeide_1.11.0/stm32cubeide/plugins/com.st.stm32cube.ide.mcu.externaltools.gnu-tools-for-stm32.10.3-2021.10.win32_1.0.100.202210260954/tools/bin/../lib/gcc/arm-none-eabi/10.3.1/thumb/v6-m/nofp\libgcc.a(_divsi3.o)
 .ARM.attributes
                0x0000000000000418       0x1e c:/st/stm32cubeide_1.11.0/stm32cubeide/plugins/com.st.stm32cube.ide.mcu.externaltools.gnu-tools-for-stm32.10.3-2021.10.win32_1.0.100.202210260954/tools/bin/../lib/gcc/arm-none-eabi/10.3.1/thumb/v6-m/nofp\libgcc.a(_dvmd_tls.o)
 .ARM.attributes
                0x0000000000000436       0x1e c:/st/stm32cubeide_1.11.0/stm32cubeide/plugins/com.st.stm32cube.ide.mcu.externaltools.gnu-tools-for-stm32.10.3-2021.10.win32_1.0.100.202210260954/tools/bin/../lib/gcc/arm-none-eabi/10.3.1/thumb/v6-m/nofp/crtn.o
OUTPUT(pid_temp_controller.elf elf32-littlearm)
LOAD linker stubs
LOAD c:/st/stm32cubeide_1.11.0/stm32cubeide/plugins/com.st.stm32cube.ide.mcu.externaltools.gnu-tools-for-stm32.10.3-2021.10.win32_1.0.100.202210260954/tools/bin/../lib/gcc/arm-none-eabi/10.3.1/../../../../arm-none-eabi/lib/thumb/v6-m/nofp\libc.a
LOAD c:/st/stm32cubeide_1.11.0/stm32cubeide/plugins/com.st.stm32cube.ide.mcu.externaltools.gnu-tools-for-stm32.10.3-2021.10.win32_1.0.100.202210260954/tools/bin/../lib/gcc/arm-none-eabi/10.3.1/../../../../arm-none-eabi/lib/thumb/v6-m/nofp\libm.a
LOAD c:/st/stm32cubeide_1.11.0/stm32cubeide/plugins/com.st.stm32cube.ide.mcu.externaltools.gnu-tools-for-stm32.10.3-2021.10.win32_1.0.100.202210260954/tools/bin/../lib/gcc/arm-none-eabi/10.3.1/thumb/v6-m/nofp\libgcc.a

.debug_info     0x0000000000000000    0x10361
 .debug_info    0x0000000000000000     0x138a Core\SSD1306\ssd1306\ssd1306.o
 .debug_info    0x000000000000138a      0x16c Core\SSD1306\ssd1306\ssd1306_fonts.o
 .debug_info    0x00000000000014f6     0x1a70 Core\Src\main.o
 .debug_info    0x0000000000002f66     0x1392 Core\Src\stm32g0xx_hal_msp.o
 .debug_info    0x00000000000042f8      0x11e Core\Src\stm32g0xx_it.o
 .debug_info    0x0000000000004416      0x34d Core\Src\system_stm32g0xx.o
 .debug_info    0x0000000000004763       0x22 Core\Startup\startup_stm32g030f6px.o
 .debug_info    0x0000000000004785      0x94e Drivers\STM32G0xx_HAL_Driver\Src\stm32g0xx_hal.o
 .debug_info    0x00000000000050d3     0x1600 Drivers\STM32G0xx_HAL_Driver\Src\stm32g0xx_hal_adc.o
 .debug_info    0x00000000000066d3      0x8dd Drivers\STM32G0xx_HAL_Driver\Src\stm32g0xx_hal_cortex.o
 .debug_info    0x0000000000006fb0      0x5d7 Drivers\STM32G0xx_HAL_Driver\Src\stm32g0xx_hal_gpio.o
 .debug_info    0x0000000000007587     0x235d Drivers\STM32G0xx_HAL_Driver\Src\stm32g0xx_hal_i2c.o
 .debug_info    0x00000000000098e4      0xa7f Drivers\STM32G0xx_HAL_Driver\Src\stm32g0xx_hal_i2c_ex.o
 .debug_info    0x000000000000a363      0x4e8 Drivers\STM32G0xx_HAL_Driver\Src\stm32g0xx_hal_pwr_ex.o
 .debug_info    0x000000000000a84b      0xb18 Drivers\STM32G0xx_HAL_Driver\Src\stm32g0xx_hal_rcc.o
 .debug_info    0x000000000000b363      0x7d0 Drivers\STM32G0xx_HAL_Driver\Src\stm32g0xx_hal_rcc_ex.o
 .debug_info    0x000000000000bb33     0x2e15 Drivers\STM32G0xx_HAL_Driver\Src\stm32g0xx_hal_tim.o
 .debug_info    0x000000000000e948     0x1a19 Drivers\STM32G0xx_HAL_Driver\Src\stm32g0xx_hal_tim_ex.o

.debug_abbrev   0x0000000000000000     0x2496
 .debug_abbrev  0x0000000000000000      0x347 Core\SSD1306\ssd1306\ssd1306.o
 .debug_abbrev  0x0000000000000347       0xbe Core\SSD1306\ssd1306\ssd1306_fonts.o
 .debug_abbrev  0x0000000000000405      0x328 Core\Src\main.o
 .debug_abbrev  0x000000000000072d      0x22c Core\Src\stm32g0xx_hal_msp.o
 .debug_abbrev  0x0000000000000959       0xad Core\Src\stm32g0xx_it.o
 .debug_abbrev  0x0000000000000a06      0x116 Core\Src\system_stm32g0xx.o
 .debug_abbrev  0x0000000000000b1c       0x12 Core\Startup\startup_stm32g030f6px.o
 .debug_abbrev  0x0000000000000b2e      0x2a9 Drivers\STM32G0xx_HAL_Driver\Src\stm32g0xx_hal.o
 .debug_abbrev  0x0000000000000dd7      0x26c Drivers\STM32G0xx_HAL_Driver\Src\stm32g0xx_hal_adc.o
 .debug_abbrev  0x0000000000001043      0x29f Drivers\STM32G0xx_HAL_Driver\Src\stm32g0xx_hal_cortex.o
 .debug_abbrev  0x00000000000012e2      0x1b9 Drivers\STM32G0xx_HAL_Driver\Src\stm32g0xx_hal_gpio.o
 .debug_abbrev  0x000000000000149b      0x27e Drivers\STM32G0xx_HAL_Driver\Src\stm32g0xx_hal_i2c.o
 .debug_abbrev  0x0000000000001719      0x1d7 Drivers\STM32G0xx_HAL_Driver\Src\stm32g0xx_hal_i2c_ex.o
 .debug_abbrev  0x00000000000018f0      0x1d1 Drivers\STM32G0xx_HAL_Driver\Src\stm32g0xx_hal_pwr_ex.o
 .debug_abbrev  0x0000000000001ac1      0x2a3 Drivers\STM32G0xx_HAL_Driver\Src\stm32g0xx_hal_rcc.o
 .debug_abbrev  0x0000000000001d64      0x21a Drivers\STM32G0xx_HAL_Driver\Src\stm32g0xx_hal_rcc_ex.o
 .debug_abbrev  0x0000000000001f7e      0x286 Drivers\STM32G0xx_HAL_Driver\Src\stm32g0xx_hal_tim.o
 .debug_abbrev  0x0000000000002204      0x292 Drivers\STM32G0xx_HAL_Driver\Src\stm32g0xx_hal_tim_ex.o

.debug_aranges  0x0000000000000000     0x1040
 .debug_aranges
                0x0000000000000000       0xe0 Core\SSD1306\ssd1306\ssd1306.o
 .debug_aranges
                0x00000000000000e0       0x18 Core\SSD1306\ssd1306\ssd1306_fonts.o
 .debug_aranges
                0x00000000000000f8       0x60 Core\Src\main.o
 .debug_aranges
                0x0000000000000158       0x58 Core\Src\stm32g0xx_hal_msp.o
 .debug_aranges
                0x00000000000001b0       0x40 Core\Src\stm32g0xx_it.o
 .debug_aranges
                0x00000000000001f0       0x28 Core\Src\system_stm32g0xx.o
 .debug_aranges
                0x0000000000000218       0x28 Core\Startup\startup_stm32g030f6px.o
 .debug_aranges
                0x0000000000000240      0x100 Drivers\STM32G0xx_HAL_Driver\Src\stm32g0xx_hal.o
 .debug_aranges
                0x0000000000000340      0x1f0 Drivers\STM32G0xx_HAL_Driver\Src\stm32g0xx_hal_adc.o
 .debug_aranges
                0x0000000000000530       0xd8 Drivers\STM32G0xx_HAL_Driver\Src\stm32g0xx_hal_cortex.o
 .debug_aranges
                0x0000000000000608       0x60 Drivers\STM32G0xx_HAL_Driver\Src\stm32g0xx_hal_gpio.o
 .debug_aranges
                0x0000000000000668      0x2a0 Drivers\STM32G0xx_HAL_Driver\Src\stm32g0xx_hal_i2c.o
 .debug_aranges
                0x0000000000000908       0x48 Drivers\STM32G0xx_HAL_Driver\Src\stm32g0xx_hal_i2c_ex.o
 .debug_aranges
                0x0000000000000950       0x98 Drivers\STM32G0xx_HAL_Driver\Src\stm32g0xx_hal_pwr_ex.o
 .debug_aranges
                0x00000000000009e8       0xa0 Drivers\STM32G0xx_HAL_Driver\Src\stm32g0xx_hal_rcc.o
 .debug_aranges
                0x0000000000000a88       0x40 Drivers\STM32G0xx_HAL_Driver\Src\stm32g0xx_hal_rcc_ex.o
 .debug_aranges
                0x0000000000000ac8      0x3e0 Drivers\STM32G0xx_HAL_Driver\Src\stm32g0xx_hal_tim.o
 .debug_aranges
                0x0000000000000ea8      0x198 Drivers\STM32G0xx_HAL_Driver\Src\stm32g0xx_hal_tim_ex.o

.debug_ranges   0x0000000000000000      0xf20
 .debug_ranges  0x0000000000000000       0xd0 Core\SSD1306\ssd1306\ssd1306.o
 .debug_ranges  0x00000000000000d0       0x50 Core\Src\main.o
 .debug_ranges  0x0000000000000120       0x48 Core\Src\stm32g0xx_hal_msp.o
 .debug_ranges  0x0000000000000168       0x30 Core\Src\stm32g0xx_it.o
 .debug_ranges  0x0000000000000198       0x18 Core\Src\system_stm32g0xx.o
 .debug_ranges  0x00000000000001b0       0x20 Core\Startup\startup_stm32g030f6px.o
 .debug_ranges  0x00000000000001d0       0xf0 Drivers\STM32G0xx_HAL_Driver\Src\stm32g0xx_hal.o
 .debug_ranges  0x00000000000002c0      0x1e0 Drivers\STM32G0xx_HAL_Driver\Src\stm32g0xx_hal_adc.o
 .debug_ranges  0x00000000000004a0       0xc8 Drivers\STM32G0xx_HAL_Driver\Src\stm32g0xx_hal_cortex.o
 .debug_ranges  0x0000000000000568       0x50 Drivers\STM32G0xx_HAL_Driver\Src\stm32g0xx_hal_gpio.o
 .debug_ranges  0x00000000000005b8      0x290 Drivers\STM32G0xx_HAL_Driver\Src\stm32g0xx_hal_i2c.o
 .debug_ranges  0x0000000000000848       0x38 Drivers\STM32G0xx_HAL_Driver\Src\stm32g0xx_hal_i2c_ex.o
 .debug_ranges  0x0000000000000880       0x88 Drivers\STM32G0xx_HAL_Driver\Src\stm32g0xx_hal_pwr_ex.o
 .debug_ranges  0x0000000000000908       0x90 Drivers\STM32G0xx_HAL_Driver\Src\stm32g0xx_hal_rcc.o
 .debug_ranges  0x0000000000000998       0x30 Drivers\STM32G0xx_HAL_Driver\Src\stm32g0xx_hal_rcc_ex.o
 .debug_ranges  0x00000000000009c8      0x3d0 Drivers\STM32G0xx_HAL_Driver\Src\stm32g0xx_hal_tim.o
 .debug_ranges  0x0000000000000d98      0x188 Drivers\STM32G0xx_HAL_Driver\Src\stm32g0xx_hal_tim_ex.o

.debug_macro    0x0000000000000000    0x16a62
 .debug_macro   0x0000000000000000      0x340 Core\SSD1306\ssd1306\ssd1306.o
 .debug_macro   0x0000000000000340      0xa4e Core\SSD1306\ssd1306\ssd1306.o
 .debug_macro   0x0000000000000d8e      0x174 Core\SSD1306\ssd1306\ssd1306.o
 .debug_macro   0x0000000000000f02       0x22 Core\SSD1306\ssd1306\ssd1306.o
 .debug_macro   0x0000000000000f24       0x4c Core\SSD1306\ssd1306\ssd1306.o
 .debug_macro   0x0000000000000f70       0x18 Core\SSD1306\ssd1306\ssd1306.o
 .debug_macro   0x0000000000000f88       0x94 Core\SSD1306\ssd1306\ssd1306.o
 .debug_macro   0x000000000000101c       0x3c Core\SSD1306\ssd1306\ssd1306.o
 .debug_macro   0x0000000000001058       0x34 Core\SSD1306\ssd1306\ssd1306.o
 .debug_macro   0x000000000000108c       0x2e Core\SSD1306\ssd1306\ssd1306.o
 .debug_macro   0x00000000000010ba      0x123 Core\SSD1306\ssd1306\ssd1306.o
 .debug_macro   0x00000000000011dd       0x28 Core\SSD1306\ssd1306\ssd1306.o
 .debug_macro   0x0000000000001205       0x28 Core\SSD1306\ssd1306\ssd1306.o
 .debug_macro   0x000000000000122d       0x57 Core\SSD1306\ssd1306\ssd1306.o
 .debug_macro   0x0000000000001284      0x103 Core\SSD1306\ssd1306\ssd1306.o
 .debug_macro   0x0000000000001387       0x6a Core\SSD1306\ssd1306\ssd1306.o
 .debug_macro   0x00000000000013f1      0x1df Core\SSD1306\ssd1306\ssd1306.o
 .debug_macro   0x00000000000015d0       0x1c Core\SSD1306\ssd1306\ssd1306.o
 .debug_macro   0x00000000000015ec       0x22 Core\SSD1306\ssd1306\ssd1306.o
 .debug_macro   0x000000000000160e       0xd1 Core\SSD1306\ssd1306\ssd1306.o
 .debug_macro   0x00000000000016df      0x4da Core\SSD1306\ssd1306\ssd1306.o
 .debug_macro   0x0000000000001bb9      0x11f Core\SSD1306\ssd1306\ssd1306.o
 .debug_macro   0x0000000000001cd8     0xa0c5 Core\SSD1306\ssd1306\ssd1306.o
 .debug_macro   0x000000000000bd9d       0x66 Core\SSD1306\ssd1306\ssd1306.o
 .debug_macro   0x000000000000be03     0x34fd Core\SSD1306\ssd1306\ssd1306.o
 .debug_macro   0x000000000000f300       0x5c Core\SSD1306\ssd1306\ssd1306.o
 .debug_macro   0x000000000000f35c      0x485 Core\SSD1306\ssd1306\ssd1306.o
 .debug_macro   0x000000000000f7e1      0xdcd Core\SSD1306\ssd1306\ssd1306.o
 .debug_macro   0x00000000000105ae      0x106 Core\SSD1306\ssd1306\ssd1306.o
 .debug_macro   0x00000000000106b4      0x1cf Core\SSD1306\ssd1306\ssd1306.o
 .debug_macro   0x0000000000010883       0xff Core\SSD1306\ssd1306\ssd1306.o
 .debug_macro   0x0000000000010982      0x33c Core\SSD1306\ssd1306\ssd1306.o
 .debug_macro   0x0000000000010cbe      0x202 Core\SSD1306\ssd1306\ssd1306.o
 .debug_macro   0x0000000000010ec0      0x2c7 Core\SSD1306\ssd1306\ssd1306.o
 .debug_macro   0x0000000000011187      0x198 Core\SSD1306\ssd1306\ssd1306.o
 .debug_macro   0x000000000001131f       0x43 Core\SSD1306\ssd1306\ssd1306.o
 .debug_macro   0x0000000000011362      0x1f1 Core\SSD1306\ssd1306\ssd1306.o
 .debug_macro   0x0000000000011553      0x8a1 Core\SSD1306\ssd1306\ssd1306.o
 .debug_macro   0x0000000000011df4      0x5ad Core\SSD1306\ssd1306\ssd1306.o
 .debug_macro   0x00000000000123a1       0x2e Core\SSD1306\ssd1306\ssd1306.o
 .debug_macro   0x00000000000123cf      0x1d6 Core\SSD1306\ssd1306\ssd1306.o
 .debug_macro   0x00000000000125a5      0x2a3 Core\SSD1306\ssd1306\ssd1306.o
 .debug_macro   0x0000000000012848       0x28 Core\SSD1306\ssd1306\ssd1306.o
 .debug_macro   0x0000000000012870       0xcf Core\SSD1306\ssd1306\ssd1306.o
 .debug_macro   0x000000000001293f      0x22c Core\SSD1306\ssd1306\ssd1306.o
 .debug_macro   0x0000000000012b6b       0x67 Core\SSD1306\ssd1306\ssd1306.o
 .debug_macro   0x0000000000012bd2       0xa5 Core\SSD1306\ssd1306\ssd1306.o
 .debug_macro   0x0000000000012c77       0xff Core\SSD1306\ssd1306\ssd1306.o
 .debug_macro   0x0000000000012d76      0x10d Core\SSD1306\ssd1306\ssd1306.o
 .debug_macro   0x0000000000012e83      0xabb Core\SSD1306\ssd1306\ssd1306.o
 .debug_macro   0x000000000001393e       0xfa Core\SSD1306\ssd1306\ssd1306.o
 .debug_macro   0x0000000000013a38      0x412 Core\SSD1306\ssd1306\ssd1306.o
 .debug_macro   0x0000000000013e4a       0x10 Core\SSD1306\ssd1306\ssd1306.o
 .debug_macro   0x0000000000013e5a       0x40 Core\SSD1306\ssd1306\ssd1306.o
 .debug_macro   0x0000000000013e9a       0x16 Core\SSD1306\ssd1306\ssd1306.o
 .debug_macro   0x0000000000013eb0       0x43 Core\SSD1306\ssd1306\ssd1306.o
 .debug_macro   0x0000000000013ef3       0x34 Core\SSD1306\ssd1306\ssd1306.o
 .debug_macro   0x0000000000013f27       0x10 Core\SSD1306\ssd1306\ssd1306.o
 .debug_macro   0x0000000000013f37       0x58 Core\SSD1306\ssd1306\ssd1306.o
 .debug_macro   0x0000000000013f8f       0x71 Core\SSD1306\ssd1306\ssd1306.o
 .debug_macro   0x0000000000014000       0x1c Core\SSD1306\ssd1306\ssd1306.o
 .debug_macro   0x000000000001401c      0x12a Core\SSD1306\ssd1306\ssd1306.o
 .debug_macro   0x0000000000014146      0x341 Core\SSD1306\ssd1306\ssd1306.o
 .debug_macro   0x0000000000014487      0x19b Core\SSD1306\ssd1306\ssd1306.o
 .debug_macro   0x0000000000014622       0x16 Core\SSD1306\ssd1306\ssd1306.o
 .debug_macro   0x0000000000014638       0x35 Core\SSD1306\ssd1306\ssd1306.o
 .debug_macro   0x000000000001466d       0x16 Core\SSD1306\ssd1306\ssd1306.o
 .debug_macro   0x0000000000014683       0x29 Core\SSD1306\ssd1306\ssd1306.o
 .debug_macro   0x00000000000146ac       0x16 Core\SSD1306\ssd1306\ssd1306.o
 .debug_macro   0x00000000000146c2       0x20 Core\SSD1306\ssd1306\ssd1306.o
 .debug_macro   0x00000000000146e2       0x76 Core\SSD1306\ssd1306\ssd1306_fonts.o
 .debug_macro   0x0000000000014758       0x8e Core\SSD1306\ssd1306\ssd1306_fonts.o
 .debug_macro   0x00000000000147e6       0x51 Core\SSD1306\ssd1306\ssd1306_fonts.o
 .debug_macro   0x0000000000014837      0x31e Core\Src\main.o
 .debug_macro   0x0000000000014b55       0x2e Core\Src\main.o
 .debug_macro   0x0000000000014b83       0x34 Core\Src\main.o
 .debug_macro   0x0000000000014bb7       0x52 Core\Src\main.o
 .debug_macro   0x0000000000014c09      0x21b Core\Src\stm32g0xx_hal_msp.o
 .debug_macro   0x0000000000014e24      0x225 Core\Src\stm32g0xx_it.o
 .debug_macro   0x0000000000015049      0x20c Core\Src\system_stm32g0xx.o
 .debug_macro   0x0000000000015255      0x22a Drivers\STM32G0xx_HAL_Driver\Src\stm32g0xx_hal.o
 .debug_macro   0x000000000001547f      0x230 Drivers\STM32G0xx_HAL_Driver\Src\stm32g0xx_hal_adc.o
 .debug_macro   0x00000000000156af      0x20c Drivers\STM32G0xx_HAL_Driver\Src\stm32g0xx_hal_cortex.o
 .debug_macro   0x00000000000158bb      0x213 Drivers\STM32G0xx_HAL_Driver\Src\stm32g0xx_hal_gpio.o
 .debug_macro   0x0000000000015ace      0x2d8 Drivers\STM32G0xx_HAL_Driver\Src\stm32g0xx_hal_i2c.o
 .debug_macro   0x0000000000015da6      0x20c Drivers\STM32G0xx_HAL_Driver\Src\stm32g0xx_hal_i2c_ex.o
 .debug_macro   0x0000000000015fb2      0x21e Drivers\STM32G0xx_HAL_Driver\Src\stm32g0xx_hal_pwr_ex.o
 .debug_macro   0x00000000000161d0      0x248 Drivers\STM32G0xx_HAL_Driver\Src\stm32g0xx_hal_rcc.o
 .debug_macro   0x0000000000016418      0x224 Drivers\STM32G0xx_HAL_Driver\Src\stm32g0xx_hal_rcc_ex.o
 .debug_macro   0x000000000001663c      0x214 Drivers\STM32G0xx_HAL_Driver\Src\stm32g0xx_hal_tim.o
 .debug_macro   0x0000000000016850      0x212 Drivers\STM32G0xx_HAL_Driver\Src\stm32g0xx_hal_tim_ex.o

.debug_line     0x0000000000000000    0x12d52
 .debug_line    0x0000000000000000     0x1070 Core\SSD1306\ssd1306\ssd1306.o
 .debug_line    0x0000000000001070      0x3a9 Core\SSD1306\ssd1306\ssd1306_fonts.o
 .debug_line    0x0000000000001419      0xc05 Core\Src\main.o
 .debug_line    0x000000000000201e      0x85c Core\Src\stm32g0xx_hal_msp.o
 .debug_line    0x000000000000287a      0x7b0 Core\Src\stm32g0xx_it.o
 .debug_line    0x000000000000302a      0x7be Core\Src\system_stm32g0xx.o
 .debug_line    0x00000000000037e8       0x89 Core\Startup\startup_stm32g030f6px.o
 .debug_line    0x0000000000003871      0xa79 Drivers\STM32G0xx_HAL_Driver\Src\stm32g0xx_hal.o
 .debug_line    0x00000000000042ea     0x18a2 Drivers\STM32G0xx_HAL_Driver\Src\stm32g0xx_hal_adc.o
 .debug_line    0x0000000000005b8c      0xb75 Drivers\STM32G0xx_HAL_Driver\Src\stm32g0xx_hal_cortex.o
 .debug_line    0x0000000000006701      0xb61 Drivers\STM32G0xx_HAL_Driver\Src\stm32g0xx_hal_gpio.o
 .debug_line    0x0000000000007262     0x3707 Drivers\STM32G0xx_HAL_Driver\Src\stm32g0xx_hal_i2c.o
 .debug_line    0x000000000000a969      0x969 Drivers\STM32G0xx_HAL_Driver\Src\stm32g0xx_hal_i2c_ex.o
 .debug_line    0x000000000000b2d2      0x991 Drivers\STM32G0xx_HAL_Driver\Src\stm32g0xx_hal_pwr_ex.o
 .debug_line    0x000000000000bc63      0xf09 Drivers\STM32G0xx_HAL_Driver\Src\stm32g0xx_hal_rcc.o
 .debug_line    0x000000000000cb6c      0xacb Drivers\STM32G0xx_HAL_Driver\Src\stm32g0xx_hal_rcc_ex.o
 .debug_line    0x000000000000d637     0x3b1f Drivers\STM32G0xx_HAL_Driver\Src\stm32g0xx_hal_tim.o
 .debug_line    0x0000000000011156     0x1bfc Drivers\STM32G0xx_HAL_Driver\Src\stm32g0xx_hal_tim_ex.o

.debug_str      0x0000000000000000    0x90d42
 .debug_str     0x0000000000000000    0x8c38a Core\SSD1306\ssd1306\ssd1306.o
                                      0x8cb15 (size before relaxing)
 .debug_str     0x000000000008c38a       0x4e Core\SSD1306\ssd1306\ssd1306_fonts.o
                                       0x3c2f (size before relaxing)
 .debug_str     0x000000000008c3d8      0xc70 Core\Src\main.o
                                      0x8cc14 (size before relaxing)
 .debug_str     0x000000000008d048      0x17a Core\Src\stm32g0xx_hal_msp.o
                                      0x896bc (size before relaxing)
 .debug_str     0x000000000008d1c2       0x82 Core\Src\stm32g0xx_it.o
                                      0x8892b (size before relaxing)
 .debug_str     0x000000000008d244       0x8e Core\Src\system_stm32g0xx.o
                                      0x8893c (size before relaxing)
 .debug_str     0x000000000008d2d2       0x36 Core\Startup\startup_stm32g030f6px.o
                                         0x71 (size before relaxing)
 .debug_str     0x000000000008d308      0x5e2 Drivers\STM32G0xx_HAL_Driver\Src\stm32g0xx_hal.o
                                      0x88fc7 (size before relaxing)
 .debug_str     0x000000000008d8ea      0x8b9 Drivers\STM32G0xx_HAL_Driver\Src\stm32g0xx_hal_adc.o
                                      0x896f5 (size before relaxing)
 .debug_str     0x000000000008e1a3      0x270 Drivers\STM32G0xx_HAL_Driver\Src\stm32g0xx_hal_cortex.o
                                      0x88d56 (size before relaxing)
 .debug_str     0x000000000008e413      0x13e Drivers\STM32G0xx_HAL_Driver\Src\stm32g0xx_hal_gpio.o
                                      0x88a71 (size before relaxing)
 .debug_str     0x000000000008e551      0xdb6 Drivers\STM32G0xx_HAL_Driver\Src\stm32g0xx_hal_i2c.o
                                      0x89d0b (size before relaxing)
 .debug_str     0x000000000008f307       0xb8 Drivers\STM32G0xx_HAL_Driver\Src\stm32g0xx_hal_i2c_ex.o
                                      0x88fa5 (size before relaxing)
 .debug_str     0x000000000008f3bf      0x211 Drivers\STM32G0xx_HAL_Driver\Src\stm32g0xx_hal_pwr_ex.o
                                      0x88b90 (size before relaxing)
 .debug_str     0x000000000008f5d0      0x345 Drivers\STM32G0xx_HAL_Driver\Src\stm32g0xx_hal_rcc.o
                                      0x88f2d (size before relaxing)
 .debug_str     0x000000000008f915      0x185 Drivers\STM32G0xx_HAL_Driver\Src\stm32g0xx_hal_rcc_ex.o
                                      0x88c78 (size before relaxing)
 .debug_str     0x000000000008fa9a      0xdab Drivers\STM32G0xx_HAL_Driver\Src\stm32g0xx_hal_tim.o
                                      0x89e6e (size before relaxing)
 .debug_str     0x0000000000090845      0x4fd Drivers\STM32G0xx_HAL_Driver\Src\stm32g0xx_hal_tim_ex.o
                                      0x8980c (size before relaxing)

.comment        0x0000000000000000       0x50
 .comment       0x0000000000000000       0x50 Core\SSD1306\ssd1306\ssd1306.o
                                         0x51 (size before relaxing)
 .comment       0x0000000000000050       0x51 Core\SSD1306\ssd1306\ssd1306_fonts.o
 .comment       0x0000000000000050       0x51 Core\Src\main.o
 .comment       0x0000000000000050       0x51 Core\Src\stm32g0xx_hal_msp.o
 .comment       0x0000000000000050       0x51 Core\Src\stm32g0xx_it.o
 .comment       0x0000000000000050       0x51 Core\Src\system_stm32g0xx.o
 .comment       0x0000000000000050       0x51 Drivers\STM32G0xx_HAL_Driver\Src\stm32g0xx_hal.o
 .comment       0x0000000000000050       0x51 Drivers\STM32G0xx_HAL_Driver\Src\stm32g0xx_hal_adc.o
 .comment       0x0000000000000050       0x51 Drivers\STM32G0xx_HAL_Driver\Src\stm32g0xx_hal_cortex.o
 .comment       0x0000000000000050       0x51 Drivers\STM32G0xx_HAL_Driver\Src\stm32g0xx_hal_gpio.o
 .comment       0x0000000000000050       0x51 Drivers\STM32G0xx_HAL_Driver\Src\stm32g0xx_hal_i2c.o
 .comment       0x0000000000000050       0x51 Drivers\STM32G0xx_HAL_Driver\Src\stm32g0xx_hal_i2c_ex.o
 .comment       0x0000000000000050       0x51 Drivers\STM32G0xx_HAL_Driver\Src\stm32g0xx_hal_pwr_ex.o
 .comment       0x0000000000000050       0x51 Drivers\STM32G0xx_HAL_Driver\Src\stm32g0xx_hal_rcc.o
 .comment       0x0000000000000050       0x51 Drivers\STM32G0xx_HAL_Driver\Src\stm32g0xx_hal_rcc_ex.o
 .comment       0x0000000000000050       0x51 Drivers\STM32G0xx_HAL_Driver\Src\stm32g0xx_hal_tim.o
 .comment       0x0000000000000050       0x51 Drivers\STM32G0xx_HAL_Driver\Src\stm32g0xx_hal_tim_ex.o

.debug_frame    0x0000000000000000     0x3b7c
 .debug_frame   0x0000000000000000      0x344 Core\SSD1306\ssd1306\ssd1306.o
 .debug_frame   0x0000000000000344      0x128 Core\Src\main.o
 .debug_frame   0x000000000000046c      0x110 Core\Src\stm32g0xx_hal_msp.o
 .debug_frame   0x000000000000057c       0x9c Core\Src\stm32g0xx_it.o
 .debug_frame   0x0000000000000618       0x4c Core\Src\system_stm32g0xx.o
 .debug_frame   0x0000000000000664      0x360 Drivers\STM32G0xx_HAL_Driver\Src\stm32g0xx_hal.o
 .debug_frame   0x00000000000009c4      0x78c Drivers\STM32G0xx_HAL_Driver\Src\stm32g0xx_hal_adc.o
 .debug_frame   0x0000000000001150      0x2fc Drivers\STM32G0xx_HAL_Driver\Src\stm32g0xx_hal_cortex.o
 .debug_frame   0x000000000000144c      0x130 Drivers\STM32G0xx_HAL_Driver\Src\stm32g0xx_hal_gpio.o
 .debug_frame   0x000000000000157c      0xa64 Drivers\STM32G0xx_HAL_Driver\Src\stm32g0xx_hal_i2c.o
 .debug_frame   0x0000000000001fe0       0xd0 Drivers\STM32G0xx_HAL_Driver\Src\stm32g0xx_hal_i2c_ex.o
 .debug_frame   0x00000000000020b0      0x1f4 Drivers\STM32G0xx_HAL_Driver\Src\stm32g0xx_hal_pwr_ex.o
 .debug_frame   0x00000000000022a4      0x214 Drivers\STM32G0xx_HAL_Driver\Src\stm32g0xx_hal_rcc.o
 .debug_frame   0x00000000000024b8       0xb0 Drivers\STM32G0xx_HAL_Driver\Src\stm32g0xx_hal_rcc_ex.o
 .debug_frame   0x0000000000002568      0xf40 Drivers\STM32G0xx_HAL_Driver\Src\stm32g0xx_hal_tim.o
 .debug_frame   0x00000000000034a8      0x620 Drivers\STM32G0xx_HAL_Driver\Src\stm32g0xx_hal_tim_ex.o
 .debug_frame   0x0000000000003ac8       0x2c c:/st/stm32cubeide_1.11.0/stm32cubeide/plugins/com.st.stm32cube.ide.mcu.externaltools.gnu-tools-for-stm32.10.3-2021.10.win32_1.0.100.202210260954/tools/bin/../lib/gcc/arm-none-eabi/10.3.1/../../../../arm-none-eabi/lib/thumb/v6-m/nofp\libc_nano.a(lib_a-init.o)
 .debug_frame   0x0000000000003af4       0x28 c:/st/stm32cubeide_1.11.0/stm32cubeide/plugins/com.st.stm32cube.ide.mcu.externaltools.gnu-tools-for-stm32.10.3-2021.10.win32_1.0.100.202210260954/tools/bin/../lib/gcc/arm-none-eabi/10.3.1/../../../../arm-none-eabi/lib/thumb/v6-m/nofp\libc_nano.a(lib_a-memcpy-stub.o)
 .debug_frame   0x0000000000003b1c       0x20 c:/st/stm32cubeide_1.11.0/stm32cubeide/plugins/com.st.stm32cube.ide.mcu.externaltools.gnu-tools-for-stm32.10.3-2021.10.win32_1.0.100.202210260954/tools/bin/../lib/gcc/arm-none-eabi/10.3.1/../../../../arm-none-eabi/lib/thumb/v6-m/nofp\libc_nano.a(lib_a-memset.o)
 .debug_frame   0x0000000000003b3c       0x20 c:/st/stm32cubeide_1.11.0/stm32cubeide/plugins/com.st.stm32cube.ide.mcu.externaltools.gnu-tools-for-stm32.10.3-2021.10.win32_1.0.100.202210260954/tools/bin/../lib/gcc/arm-none-eabi/10.3.1/thumb/v6-m/nofp\libgcc.a(_udivsi3.o)
 .debug_frame   0x0000000000003b5c       0x20 c:/st/stm32cubeide_1.11.0/stm32cubeide/plugins/com.st.stm32cube.ide.mcu.externaltools.gnu-tools-for-stm32.10.3-2021.10.win32_1.0.100.202210260954/tools/bin/../lib/gcc/arm-none-eabi/10.3.1/thumb/v6-m/nofp\libgcc.a(_divsi3.o)
